Build target 'Target 1'
assembling Startup.s...
compiling main.c...
compiling interrupt.c...
linking...
Program Size: Code=11012 RO-data=332 RW-data=100 ZI-data=1260  
FromELF: creating hex file...
"main.axf" - 0 Error(s), 0 Warning(s).
Build target 'Target 1'
assembling Startup.s...
compiling main.c...
compiling interrupt.c...
linking...
Program Size: Code=11012 RO-data=332 RW-data=100 ZI-data=1260  
FromELF: creating hex file...
"main.axf" - 0 Error(s), 0 Warning(s).
Build target 'Target 1'
assembling Startup.s...
compiling main.c...
compiling interrupt.c...
linking...
Program Size: Code=11012 RO-data=332 RW-data=100 ZI-data=1260  
FromELF: creating hex file...
"main.axf" - 0 Error(s), 0 Warning(s).
Build target 'Target 1'
assembling Startup.s...
compiling main.c...
main.c(610): error:  #20: identifier "temp" is undefined
main.c:                                                                                                         if(temp<OFF_MIN){
main.c:                                                                                                            ^
main.c: main.c: 0 warnings, 1 error
compiling interrupt.c...
Target not created
Build target 'Target 1'
assembling Startup.s...
compiling main.c...
compiling interrupt.c...
linking...
Program Size: Code=11164 RO-data=332 RW-data=100 ZI-data=1260  
FromELF: creating hex file...
"main.axf" - 0 Error(s), 0 Warning(s).
Build target 'Target 1'
assembling Startup.s...
compiling main.c...
compiling interrupt.c...
linking...
Program Size: Code=11164 RO-data=332 RW-data=100 ZI-data=1260  
FromELF: creating hex file...
"main.axf" - 0 Error(s), 0 Warning(s).
Build target 'Target 1'
assembling Startup.s...
compiling main.c...
compiling interrupt.c...
linking...
Program Size: Code=11012 RO-data=332 RW-data=100 ZI-data=1260  
FromELF: creating hex file...
"main.axf" - 0 Error(s), 0 Warning(s).
Build target 'Target 1'
assembling Startup.s...
compiling main.c...
compiling interrupt.c...
linking...
Program Size: Code=11252 RO-data=332 RW-data=100 ZI-data=1260  
FromELF: creating hex file...
"main.axf" - 0 Error(s), 0 Warning(s).
Build target 'Target 1'
assembling Startup.s...
compiling main.c...
compiling interrupt.c...
linking...
Program Size: Code=11252 RO-data=332 RW-data=100 ZI-data=1260  
FromELF: creating hex file...
"main.axf" - 0 Error(s), 0 Warning(s).
Build target 'Target 1'
assembling Startup.s...
compiling main.c...
compiling interrupt.c...
linking...
Program Size: Code=11252 RO-data=332 RW-data=100 ZI-data=1260  
FromELF: creating hex file...
"main.axf" - 0 Error(s), 0 Warning(s).
Build target 'Target 1'
assembling Startup.s...
compiling main.c...
compiling interrupt.c...
linking...
Program Size: Code=11252 RO-data=332 RW-data=100 ZI-data=1260  
FromELF: creating hex file...
"main.axf" - 0 Error(s), 0 Warning(s).
Build target 'Target 1'
assembling Startup.s...
compiling main.c...
compiling interrupt.c...
linking...
Program Size: Code=11252 RO-data=332 RW-data=100 ZI-data=1260  
FromELF: creating hex file...
"main.axf" - 0 Error(s), 0 Warning(s).
Build target 'Target 1'
assembling Startup.s...
compiling main.c...
compiling interrupt.c...
linking...
Program Size: Code=11252 RO-data=332 RW-data=100 ZI-data=1260  
FromELF: creating hex file...
"main.axf" - 0 Error(s), 0 Warning(s).
Build target 'Target 1'
assembling Startup.s...
compiling main.c...
compiling interrupt.c...
linking...
Program Size: Code=11252 RO-data=332 RW-data=100 ZI-data=1260  
FromELF: creating hex file...
"main.axf" - 0 Error(s), 0 Warning(s).
Build target 'Target 1'
assembling Startup.s...
compiling main.c...
compiling interrupt.c...
linking...
Program Size: Code=11252 RO-data=332 RW-data=100 ZI-data=1260  
FromELF: creating hex file...
"main.axf" - 0 Error(s), 0 Warning(s).
